> Task :app:preBuild UP-TO-DATE
> Task :app:preDebugBuild UP-TO-DATE
> Task :app:mergeDebugNativeDebugMetadata NO-SOURCE
> Task :app:checkDebugAarMetadata UP-TO-DATE
> Task :app:processDebugNavigationResources UP-TO-DATE
> Task :app:compileDebugNavigationResources UP-TO-DATE
> Task :app:generateDebugResValues UP-TO-DATE
> Task :app:mapDebugSourceSetPaths UP-TO-DATE
> Task :app:generateDebugResources UP-TO-DATE
> Task :app:mergeDebugResources UP-TO-DATE
> Task :app:packageDebugResources UP-TO-DATE
> Task :app:parseDebugLocalResources UP-TO-DATE
> Task :app:createDebugCompatibleScreenManifests UP-TO-DATE
> Task :app:extractDeepLinksDebug UP-TO-DATE
> Task :app:processDebugMainManifest UP-TO-DATE
> Task :app:processDebugManifest UP-TO-DATE
> Task :app:processDebugManifestForPackage UP-TO-DATE
> Task :app:processDebugResources UP-TO-DATE
> Task :app:javaPreCompileDebug UP-TO-DATE
> Task :app:mergeDebugShaders UP-TO-DATE
> Task :app:compileDebugShaders NO-SOURCE
> Task :app:generateDebugAssets UP-TO-DATE
> Task :app:mergeDebugAssets UP-TO-DATE
> Task :app:compressDebugAssets UP-TO-DATE
> Task :app:checkDebugDuplicateClasses UP-TO-DATE
> Task :app:desugarDebugFileDependencies UP-TO-DATE
> Task :app:mergeExtDexDebug UP-TO-DATE
> Task :app:mergeLibDexDebug UP-TO-DATE
> Task :app:configureCMakeDebug[arm64-v8a]
> Task :app:buildCMakeDebug[arm64-v8a]
> Task :app:configureCMakeDebug[armeabi-v7a]
> Task :app:buildCMakeDebug[armeabi-v7a]
> Task :app:configureCMakeDebug[x86]
> Task :app:buildCMakeDebug[x86]
> Task :app:configureCMakeDebug[x86_64]
> Task :app:buildCMakeDebug[x86_64]
> Task :app:mergeDebugJniLibFolders UP-TO-DATE
> Task :app:mergeDebugNativeLibs UP-TO-DATE
> Task :app:stripDebugDebugSymbols UP-TO-DATE
> Task :app:validateSigningDebug UP-TO-DATE
> Task :app:writeDebugAppMetadata UP-TO-DATE
> Task :app:writeDebugSigningConfigVersions UP-TO-DATE

> Task :app:compileDebugKotlin
e: file:///Users/danielmiller/Documents/Code%20Projects/Loom%20Groovebox/app/src/main/java/com/groovebox/MainActivity.kt:4809:55 Unresolved reference: currentState
e: file:///Users/danielmiller/Documents/Code%20Projects/Loom%20Groovebox/app/src/main/java/com/groovebox/MainActivity.kt:4810:55 Unresolved reference: currentState
e: file:///Users/danielmiller/Documents/Code%20Projects/Loom%20Groovebox/app/src/main/java/com/groovebox/MainActivity.kt:4814:45 Unresolved reference: currentState
e: file:///Users/danielmiller/Documents/Code%20Projects/Loom%20Groovebox/app/src/main/java/com/groovebox/MainActivity.kt:4816:59 Unresolved reference: currentState
e: file:///Users/danielmiller/Documents/Code%20Projects/Loom%20Groovebox/app/src/main/java/com/groovebox/MainActivity.kt:4822:49 Unresolved reference: currentState
e: file:///Users/danielmiller/Documents/Code%20Projects/Loom%20Groovebox/app/src/main/java/com/groovebox/MainActivity.kt:4823:67 Unresolved reference: currentState
e: file:///Users/danielmiller/Documents/Code%20Projects/Loom%20Groovebox/app/src/main/java/com/groovebox/MainActivity.kt:4823:91 Unresolved reference: currentState
e: file:///Users/danielmiller/Documents/Code%20Projects/Loom%20Groovebox/app/src/main/java/com/groovebox/MainActivity.kt:4824:68 Unresolved reference: currentState
e: file:///Users/danielmiller/Documents/Code%20Projects/Loom%20Groovebox/app/src/main/java/com/groovebox/MainActivity.kt:4828:112 Cannot infer a type for this parameter. Please specify it explicitly.
e: file:///Users/danielmiller/Documents/Code%20Projects/Loom%20Groovebox/app/src/main/java/com/groovebox/MainActivity.kt:4828:117 Cannot infer a type for this parameter. Please specify it explicitly.
e: file:///Users/danielmiller/Documents/Code%20Projects/Loom%20Groovebox/app/src/main/java/com/groovebox/MainActivity.kt:4829:100 Cannot infer a type for this parameter. Please specify it explicitly.
e: file:///Users/danielmiller/Documents/Code%20Projects/Loom%20Groovebox/app/src/main/java/com/groovebox/MainActivity.kt:4829:106 Cannot infer a type for this parameter. Please specify it explicitly.
e: file:///Users/danielmiller/Documents/Code%20Projects/Loom%20Groovebox/app/src/main/java/com/groovebox/MainActivity.kt:4832:71 Unresolved reference: currentState
e: file:///Users/danielmiller/Documents/Code%20Projects/Loom%20Groovebox/app/src/main/java/com/groovebox/MainActivity.kt:4832:98 Unresolved reference: currentState
e: file:///Users/danielmiller/Documents/Code%20Projects/Loom%20Groovebox/app/src/main/java/com/groovebox/MainActivity.kt:4832:131 Cannot infer a type for this parameter. Please specify it explicitly.
e: file:///Users/danielmiller/Documents/Code%20Projects/Loom%20Groovebox/app/src/main/java/com/groovebox/MainActivity.kt:4832:136 Cannot infer a type for this parameter. Please specify it explicitly.
e: file:///Users/danielmiller/Documents/Code%20Projects/Loom%20Groovebox/app/src/main/java/com/groovebox/MainActivity.kt:4836:100 Cannot infer a type for this parameter. Please specify it explicitly.
e: file:///Users/danielmiller/Documents/Code%20Projects/Loom%20Groovebox/app/src/main/java/com/groovebox/MainActivity.kt:4836:106 Cannot infer a type for this parameter. Please specify it explicitly.
e: file:///Users/danielmiller/Documents/Code%20Projects/Loom%20Groovebox/app/src/main/java/com/groovebox/MainActivity.kt:4837:67 Unresolved reference: currentState
e: file:///Users/danielmiller/Documents/Code%20Projects/Loom%20Groovebox/app/src/main/java/com/groovebox/MainActivity.kt:4837:94 Unresolved reference: currentState
e: file:///Users/danielmiller/Documents/Code%20Projects/Loom%20Groovebox/app/src/main/java/com/groovebox/MainActivity.kt:4837:127 Cannot infer a type for this parameter. Please specify it explicitly.
e: file:///Users/danielmiller/Documents/Code%20Projects/Loom%20Groovebox/app/src/main/java/com/groovebox/MainActivity.kt:4837:132 Cannot infer a type for this parameter. Please specify it explicitly.
e: file:///Users/danielmiller/Documents/Code%20Projects/Loom%20Groovebox/app/src/main/java/com/groovebox/MainActivity.kt:4845:46 Unresolved reference: currentState

> Task :app:compileDebugKotlin FAILED

[Incubating] Problems report is available at: file:///Users/danielmiller/Documents/Code%20Projects/Loom%20Groovebox/build/reports/problems/problems-report.html

FAILURE: Build failed with an exception.

* What went wrong:
Execution failed for task ':app:compileDebugKotlin'.
> A failure occurred while executing org.jetbrains.kotlin.compilerRunner.GradleCompilerRunnerWithWorkers$GradleKotlinCompilerWorkAction
   > Compilation error. See log for more details

* Try:
> Run with --stacktrace option to get the stack trace.
> Run with --info or --debug option to get more log output.
> Run with --scan to get full insights.
> Get more help at https://help.gradle.org.

Deprecated Gradle features were used in this build, making it incompatible with Gradle 9.0.

You can use '--warning-mode all' to show the individual deprecation warnings and determine if they come from your own scripts or plugins.

For more on this, please refer to https://docs.gradle.org/8.13/userguide/command_line_interface.html#sec:command_line_warnings in the Gradle documentation.

BUILD FAILED in 18s
38 actionable tasks: 9 executed, 29 up-to-date
