
> Task :app:checkVersion
Target Version: 2.1.02 (Build 116)
Version verification passed.

> Task :app:preBuild
> Task :app:preDebugBuild
> Task :app:checkDebugAarMetadata UP-TO-DATE
> Task :app:processDebugNavigationResources UP-TO-DATE
> Task :app:compileDebugNavigationResources UP-TO-DATE
> Task :app:generateDebugResValues UP-TO-DATE
> Task :app:mapDebugSourceSetPaths UP-TO-DATE
> Task :app:generateDebugResources UP-TO-DATE
> Task :app:mergeDebugResources UP-TO-DATE
> Task :app:packageDebugResources UP-TO-DATE
> Task :app:parseDebugLocalResources UP-TO-DATE
> Task :app:createDebugCompatibleScreenManifests UP-TO-DATE
> Task :app:extractDeepLinksDebug UP-TO-DATE
> Task :app:processDebugMainManifest UP-TO-DATE
> Task :app:processDebugManifest UP-TO-DATE
> Task :app:processDebugManifestForPackage UP-TO-DATE
> Task :app:processDebugResources UP-TO-DATE

> Task :app:compileDebugKotlin
e: file:///Users/danielmiller/Documents/Code%20Projects/Loom%20Groovebox/app/src/main/java/com/groovebox/ui/components/Knob.kt:345:34 Unexpected tokens (use ';' to separate expressions on the same line)
e: file:///Users/danielmiller/Documents/Code%20Projects/Loom%20Groovebox/app/src/main/java/com/groovebox/ui/components/Knob.kt:369:30 Expecting 'while' followed by a post-condition
e: file:///Users/danielmiller/Documents/Code%20Projects/Loom%20Groovebox/app/src/main/java/com/groovebox/ui/components/Knob.kt:372:18 Unexpected tokens (use ';' to separate expressions on the same line)
e: file:///Users/danielmiller/Documents/Code%20Projects/Loom%20Groovebox/app/src/main/java/com/groovebox/ui/components/Knob.kt:374:9 Expecting an element
e: file:///Users/danielmiller/Documents/Code%20Projects/Loom%20Groovebox/app/src/main/java/com/groovebox/ui/components/Knob.kt:565:6 Expecting ')'
e: file:///Users/danielmiller/Documents/Code%20Projects/Loom%20Groovebox/app/src/main/java/com/groovebox/ui/components/Knob.kt:566:2 Expecting '}'
e: file:///Users/danielmiller/Documents/Code%20Projects/Loom%20Groovebox/app/src/main/java/com/groovebox/ui/components/Knob.kt:373:13 Unresolved reference: contentAlignment
e: file:///Users/danielmiller/Documents/Code%20Projects/Loom%20Groovebox/app/src/main/java/com/groovebox/ui/components/Knob.kt:376:41 @Composable invocations can only happen from the context of a @Composable function
e: file:///Users/danielmiller/Documents/Code%20Projects/Loom%20Groovebox/app/src/main/java/com/groovebox/ui/components/Knob.kt:474:17 @Composable invocations can only happen from the context of a @Composable function
e: file:///Users/danielmiller/Documents/Code%20Projects/Loom%20Groovebox/app/src/main/java/com/groovebox/ui/components/Knob.kt:476:32 Type mismatch: inferred type is Alignment but Alignment.Horizontal was expected
e: file:///Users/danielmiller/Documents/Code%20Projects/Loom%20Groovebox/app/src/main/java/com/groovebox/ui/components/Knob.kt:546:17 @Composable invocations can only happen from the context of a @Composable function
e: file:///Users/danielmiller/Documents/Code%20Projects/Loom%20Groovebox/app/src/main/java/com/groovebox/ui/components/Knob.kt:548:43 @Composable invocations can only happen from the context of a @Composable function
e: file:///Users/danielmiller/Documents/Code%20Projects/Loom%20Groovebox/app/src/main/java/com/groovebox/ui/components/Knob.kt:556:43 @Composable invocations can only happen from the context of a @Composable function
e: file:///Users/danielmiller/Documents/Code%20Projects/Loom%20Groovebox/app/src/main/java/com/groovebox/ui/components/Knob.kt:557:9 @Composable invocations can only happen from the context of a @Composable function
e: file:///Users/danielmiller/Documents/Code%20Projects/Loom%20Groovebox/app/src/main/java/com/groovebox/ui/components/Knob.kt:559:35 @Composable invocations can only happen from the context of a @Composable function

> Task :app:compileDebugKotlin FAILED

[Incubating] Problems report is available at: file:///Users/danielmiller/Documents/Code%20Projects/Loom%20Groovebox/build/reports/problems/problems-report.html

FAILURE: Build failed with an exception.

* What went wrong:
Execution failed for task ':app:compileDebugKotlin'.
> A failure occurred while executing org.jetbrains.kotlin.compilerRunner.GradleCompilerRunnerWithWorkers$GradleKotlinCompilerWorkAction
   > Compilation error. See log for more details

* Try:
> Run with --stacktrace option to get the stack trace.
> Run with --info or --debug option to get more log output.
> Run with --scan to get full insights.
> Get more help at https://help.gradle.org.

Deprecated Gradle features were used in this build, making it incompatible with Gradle 9.0.

You can use '--warning-mode all' to show the individual deprecation warnings and determine if they come from your own scripts or plugins.

For more on this, please refer to https://docs.gradle.org/8.13/userguide/command_line_interface.html#sec:command_line_warnings in the Gradle documentation.

BUILD FAILED in 27s
17 actionable tasks: 2 executed, 15 up-to-date
